This is e-pTeX, Version 3.14159265-p3.7.1-161114-2.6 (utf8.sjis) (TeX Live 2017/W32TeX) (preloaded format=platex 2018.1.11)  12 AUG 2018 07:12
entering extended mode
 restricted \write18 enabled.
 %&-line parsing enabled.
**./test.tex
(./test.tex
pLaTeX2e <2017/10/28>+3 (based on LaTeX2e <2017-04-15>)
Babel <3.16> and hyphenation patterns for 84 language(s) loaded.
(d:/texlive/2017/texmf-dist/tex/latex/base/article.cls
Document Class: article 2014/09/29 v1.4h Standard LaTeX document class
(d:/texlive/2017/texmf-dist/tex/latex/base/size12.clo
File: size12.clo 2014/09/29 v1.4h Standard LaTeX file (size option)
)
\c@part=\count82
\c@section=\count83
\c@subsection=\count84
\c@subsubsection=\count85
\c@paragraph=\count86
\c@subparagraph=\count87
\c@figure=\count88
\c@table=\count89
\abovecaptionskip=\skip41
\belowcaptionskip=\skip42
\bibindent=\dimen118
)
(d:/texlive/2017/texmf-dist/tex/latex/graphics/graphicx.sty
Package: graphicx 2017/06/01 v1.1a Enhanced LaTeX Graphics (DPC,SPQR)

(d:/texlive/2017/texmf-dist/tex/latex/graphics/keyval.sty
Package: keyval 2014/10/28 v1.15 key=value parser (DPC)
\KV@toks@=\toks15
)
(d:/texlive/2017/texmf-dist/tex/latex/graphics/graphics.sty
Package: graphics 2017/06/25 v1.2c Standard LaTeX Graphics (DPC,SPQR)

(d:/texlive/2017/texmf-dist/tex/latex/graphics/trig.sty
Package: trig 2016/01/03 v1.10 sin cos tan (DPC)
)
(d:/texlive/2017/texmf-dist/tex/latex/graphics-cfg/graphics.cfg
File: graphics.cfg 2016/06/04 v1.11 sample graphics configuration
)
Package graphics Info: Driver file: dvips.def on input line 99.

(d:/texlive/2017/texmf-dist/tex/latex/graphics-def/dvips.def
File: dvips.def 2017/06/20 v3.1d Graphics/color driver for dvips
))
\Gin@req@height=\dimen119
\Gin@req@width=\dimen120
) (./mediabb.sty
Package: mediabb 2013/03/12 v1.10 iNOUE Koich! <inoue@ma.ns.tcu.ac.jp>
) (d:/texlive/2017/texmf-dist/tex/latex/graphics/color.sty
Package: color 2016/07/10 v1.1e Standard LaTeX Color (DPC)

(d:/texlive/2017/texmf-dist/tex/latex/graphics-cfg/color.cfg
File: color.cfg 2016/01/02 v1.6 sample color configuration
)
Package color Info: Driver file: dvips.def on input line 147.

(d:/texlive/2017/texmf-dist/tex/latex/graphics/dvipsnam.def
File: dvipsnam.def 2016/06/17 v3.0m Driver-dependent file (DPC,SPQR)
))
\letterheadheight=\skip43
 (./test.aux)
\openout1 = `test.aux'.

LaTeX Font Info:    Checking defaults for OML/cmm/m/it on input line 128.
LaTeX Font Info:    ... okay on input line 128.
LaTeX Font Info:    Checking defaults for T1/cmr/m/n on input line 128.
LaTeX Font Info:    ... okay on input line 128.
LaTeX Font Info:    Checking defaults for OT1/cmr/m/n on input line 128.
LaTeX Font Info:    ... okay on input line 128.
LaTeX Font Info:    Checking defaults for OMS/cmsy/m/n on input line 128.
LaTeX Font Info:    ... okay on input line 128.
LaTeX Font Info:    Checking defaults for OMX/cmex/m/n on input line 128.
LaTeX Font Info:    ... okay on input line 128.
LaTeX Font Info:    Checking defaults for U/cmr/m/n on input line 128.
LaTeX Font Info:    ... okay on input line 128.
LaTeX Font Info:    Checking defaults for JY1/mc/m/n on input line 128.
LaTeX Font Info:    ... okay on input line 128.
LaTeX Font Info:    Checking defaults for JT1/mc/m/n on input line 128.
LaTeX Font Info:    ... okay on input line 128.
File: 000262560.pdf Graphic file (type pdf)

<000262560.pdf>
Overfull \hbox (17.66939pt too wide) in paragraph at lines 130--130
[][] 
 []


Overfull \vbox (845.0772pt too high) detected at line 130
 []


Overfull \hbox (20.9206pt too wide) detected at line 134
\JY1/mc/m/n/12 中華人民共和国 
 []


Overfull \hbox (113.81102pt too wide) in paragraph at lines 132--147
[] [] 
 []


Overfull \hbox (113.81102pt too wide) in paragraph at lines 132--147
[] [] 
 []


Overfull \hbox (113.81102pt too wide) in paragraph at lines 132--147
[] [] 
 []

[1

]
File: 000262559.pdf Graphic file (type pdf)
 <000262559.pdf>
Overfull \hbox (17.66939pt too wide) in paragraph at lines 150--150
[][] 
 []


Overfull \vbox (845.0772pt too high) detected at line 150
 []


Overfull \hbox (20.9206pt too wide) detected at line 154
\JY1/mc/m/n/12 中華人民共和国 
 []

[2

]
File: 000262563.pdf Graphic file (type pdf)
 <000262563.pdf>
Overfull \hbox (17.56902pt too wide) in paragraph at lines 171--171
[][] 
 []


Overfull \vbox (845.15749pt too high) detected at line 171
 []


Underfull \hbox (badness 7888) in paragraph at lines 177--177
[]\JY1/mc/m/n/10.95 実行委員長 \OT1/cmr/m/n/10.95 090-1234-
 []


Underfull \hbox (badness 10000) in paragraph at lines 177--177
[]\JY1/mc/m/n/10.95 仙台で国際会議
 []


Overfull \hbox (78.24507pt too wide) in paragraph at lines 173--179
[] [] 
 []

[3

]
File: letterhead.pdf Graphic file (type pdf)
 <letterhead.pdf>
Overfull \hbox (17.6493pt too wide) in paragraph at lines 180--180
[][] 
 []


Overfull \vbox (845.05711pt too high) detected at line 180
 []

LaTeX Font Info:    External font `cmex10' loaded for size
(Font)              <12> on input line 196.
LaTeX Font Info:    External font `cmex10' loaded for size
(Font)              <8> on input line 196.
LaTeX Font Info:    External font `cmex10' loaded for size
(Font)              <6> on input line 196.

Overfull \hbox (39.83385pt too wide) in paragraph at lines 182--197
 [] 
 []

[4

] (./test.aux) ) 
Here is how much of TeX's memory you used:
 845 strings out of 493638
 10893 string characters out of 6151701
 151265 words of memory out of 5000000
 4487 multiletter control sequences out of 15000+600000
 11010 words of font info for 43 fonts, out of 8000000 for 9000
 929 hyphenation exceptions out of 8191
 25i,7n,33p,13526b,414s stack positions out of 5000i,500n,10000p,200000b,80000s

Output written on test.dvi (4 pages, 5052 bytes).
